07-08-2026 22:05:07.717 [main] [-] INFO  inventory-service-c.n.i.InventoryServiceApplication.logStarting - Starting InventoryServiceApplication using Java 25.0.3 with PID 16380 (C:\Users\Admin\Documents\SpringBoot_learnings\eCommerce\inventory-service\target\classes started by Admin in C:\Users\Admin\Documents\SpringBoot_learnings\eCommerce)
07-08-2026 22:05:07.721 [main] [-] INFO  inventory-service-c.n.i.InventoryServiceApplication.logStartupProfileInfo - No active profile set, falling back to 1 default profile: "default"
07-08-2026 22:05:07.773 [main] [-] INFO  inventory-service-o.s.c.c.c.ConfigServerConfigDataLoader.log - Fetching config from server at : http://localhost:8888
07-08-2026 22:05:07.774 [main] [-] INFO  inventory-service-o.s.c.c.c.ConfigServerConfigDataLoader.log - Located environment: name=inventory-service, profiles=[default], label=null, version=0ea68e7bd44f5a1fe092f8c5aa4a27ddfcec0fa8, state=
07-08-2026 22:05:09.223 [main] [-] INFO  inventory-service-o.s.d.r.c.RepositoryConfigurationDelegate.registerRepositoriesIn - Bootstrapping Spring Data JPA repositories in DEFAULT mode.
07-08-2026 22:05:09.412 [main] [-] INFO  inventory-service-o.s.d.r.c.RepositoryConfigurationDelegate.registerRepositoriesIn - Finished Spring Data repository scanning in 176 ms. Found 1 JPA repository interface.
07-08-2026 22:05:10.090 [main] [-] INFO  inventory-service-o.s.cloud.context.scope.GenericScope.setSerializationId - BeanFactory id=7d548895-2581-3e49-8636-18314fa01a87
07-08-2026 22:05:10.631 [main] [-] INFO  inventory-service-o.s.boot.tomcat.TomcatWebServer.initialize - Tomcat initialized with port 9030 (http)
07-08-2026 22:05:10.649 [main] [-] INFO  inventory-service-o.a.coyote.http11.Http11NioProtocol.log - Initializing ProtocolHandler ["http-nio-9030"]
07-08-2026 22:05:10.652 [main] [-] INFO  inventory-service-o.a.catalina.core.StandardService.log - Starting service [Tomcat]
07-08-2026 22:05:10.653 [main] [-] INFO  inventory-service-o.a.catalina.core.StandardEngine.log - Starting Servlet engine: [Apache Tomcat/11.0.22]
07-08-2026 22:05:10.747 [main] [-] INFO  inventory-service-o.s.b.w.c.s.WebApplicationContextInitializer.prepareWebApplicationContext - Root WebApplicationContext: initialization completed in 2969 ms
07-08-2026 22:05:11.539 [main] [-] INFO  inventory-service-org.hibernate.orm.jpa.logPersistenceUnitInformation - HHH008540: Processing PersistenceUnitInfo [name: default]
07-08-2026 22:05:11.665 [main] [-] INFO  inventory-service-org.hibernate.orm.core.logVersion - HHH000001: Hibernate ORM core version 7.4.1.Final
07-08-2026 22:05:12.310 [main] [-] INFO  inventory-service-o.s.o.j.p.SpringPersistenceUnitInfo.addTransformer - No LoadTimeWeaver setup: ignoring JPA class transformer
07-08-2026 22:05:12.358 [main] [-] INFO  inventory-service-com.zaxxer.hikari.HikariDataSource.getConnection - HikariPool-1 - Starting...
07-08-2026 22:05:12.555 [main] [-] INFO  inventory-service-com.zaxxer.hikari.pool.HikariPool.checkFailFast - HikariPool-1 - Added connection com.mysql.cj.jdbc.ConnectionImpl@1259b2a5
07-08-2026 22:05:12.556 [main] [-] INFO  inventory-service-com.zaxxer.hikari.HikariDataSource.getConnection - HikariPool-1 - Start completed.
07-08-2026 22:05:12.690 [main] [-] INFO  inventory-service-o.hibernate.orm.connections.pooling.logConnectionInfo - HHH10001005: Database info:
	Database JDBC URL [jdbc:mysql://localhost:3306/inventorydb?useSSL=false]
	Database driver: MySQL Connector/J
	Database dialect: MySQLDialect
	Database version: 8.0.46
	Default catalog/schema: inventorydb/undefined
	Autocommit mode: undefined/unknown
	Isolation level: REPEATABLE_READ [default REPEATABLE_READ]
	JDBC fetch size: none
	Pool: DataSourceConnectionProvider
	Minimum pool size: undefined/unknown
	Maximum pool size: undefined/unknown
07-08-2026 22:05:13.672 [main] [-] INFO  inventory-service-org.hibernate.orm.core.initiateService - HHH000489: No JTA platform available (set 'hibernate.transaction.jta.platform' to enable JTA platform integration)
07-08-2026 22:05:13.821 [main] [-] INFO  inventory-service-o.s.o.j.LocalContainerEntityManagerFactoryBean.buildNativeEntityManagerFactory - Initialized JPA EntityManagerFactory for persistence unit 'default'
07-08-2026 22:05:13.939 [main] [-] INFO  inventory-service-o.s.d.j.r.q.QueryEnhancerFactories.<clinit> - Hibernate is in classpath; If applicable, HQL parser will be used.
07-08-2026 22:05:14.357 [main] [-] WARN  inventory-service-o.s.b.j.a.JpaBaseConfiguration$JpaWebConfiguration.openEntityManagerInViewInterceptor - spring.jpa.open-in-view is enabled by default. Therefore, database queries may be performed during view rendering. Explicitly configure spring.jpa.open-in-view to disable this warning
07-08-2026 22:05:14.422 [main] [-] INFO  inventory-service-o.s.c.o.FeignClientFactoryBean.getTarget - For 'order-service' URL not provided. Will try picking an instance via load-balancing.
07-08-2026 22:05:15.086 [main] [-] INFO  inventory-service-o.s.c.n.e.c.DiscoveryClientOptionalArgsConfiguration.restClientDiscoveryClientOptionalArgs - Eureka HTTP Client uses RestClient.
07-08-2026 22:05:15.109 [main] [-] WARN  inventory-service-o.s.c.l.c.LoadBalancerCacheAutoConfiguration$LoadBalancerCaffeineWarnLogger.afterPropertiesSet - Spring Cloud LoadBalancer is currently working with the default cache. While this cache implementation is useful for development and tests, it's recommended to use Caffeine cache in production.You can switch to using Caffeine cache, by adding it and org.springframework.cache.caffeine.CaffeineCacheManager to the classpath.
07-08-2026 22:05:15.120 [main] [-] INFO  inventory-service-o.s.b.a.e.web.EndpointLinksResolver.<init> - Exposing 16 endpoints beneath base path '/actuator'
07-08-2026 22:05:15.198 [main] [-] INFO  inventory-service-o.s.c.n.eureka.InstanceInfoFactory.create - Setting initial instance status as: STARTING
07-08-2026 22:05:15.233 [main] [-] INFO  inventory-service-c.netflix.discovery.DiscoveryClient.<init> - Initializing Eureka in region us-east-1
07-08-2026 22:05:15.240 [main] [-] INFO  inventory-service-c.n.d.s.r.aws.ConfigClusterResolver.getClusterEndpoints - Resolving eureka endpoints via configuration
07-08-2026 22:05:15.252 [main] [-] INFO  inventory-service-c.netflix.discovery.DiscoveryClient.fetchRegistry - Disable delta property : false
07-08-2026 22:05:15.252 [main] [-] INFO  inventory-service-c.netflix.discovery.DiscoveryClient.fetchRegistry - Single vip registry refresh property : null
07-08-2026 22:05:15.252 [main] [-] INFO  inventory-service-c.netflix.discovery.DiscoveryClient.fetchRegistry - Force full registry fetch : false
07-08-2026 22:05:15.252 [main] [-] INFO  inventory-service-c.netflix.discovery.DiscoveryClient.fetchRegistry - Application is null : false
07-08-2026 22:05:15.253 [main] [-] INFO  inventory-service-c.netflix.discovery.DiscoveryClient.fetchRegistry - Registered Applications size is zero : true
07-08-2026 22:05:15.253 [main] [-] INFO  inventory-service-c.netflix.discovery.DiscoveryClient.fetchRegistry - Application version is -1: true
07-08-2026 22:05:15.253 [main] [-] INFO  inventory-service-c.netflix.discovery.DiscoveryClient.getAndStoreFullRegistry - Getting all instance registry info from the eureka server
07-08-2026 22:05:15.485 [main] [-] INFO  inventory-service-c.netflix.discovery.DiscoveryClient.getAndStoreFullRegistry - The response status is 200
07-08-2026 22:05:15.487 [main] [-] INFO  inventory-service-c.netflix.discovery.DiscoveryClient.initScheduledTasks - Starting heartbeat executor: renew interval is: 10
07-08-2026 22:05:15.489 [main] [-] INFO  inventory-service-c.n.discovery.InstanceInfoReplicator.<init> - InstanceInfoReplicator onDemand update allowed rate per min is 4
07-08-2026 22:05:15.491 [main] [-] INFO  inventory-service-c.netflix.discovery.DiscoveryClient.<init> - Discovery Client initialized at timestamp 1786120515490 with initial instances count: 1
07-08-2026 22:05:15.495 [main] [-] INFO  inventory-service-o.s.c.n.e.s.EurekaServiceRegistry.register - Registering application INVENTORY-SERVICE with eureka with status UP
07-08-2026 22:05:15.495 [main] [-] INFO  inventory-service-c.netflix.discovery.DiscoveryClient.notify - Saw local status change event StatusChangeEvent [timestamp=1786120515495, current=UP, previous=STARTING]
07-08-2026 22:05:15.497 [DiscoveryClient-InstanceInfoReplicator-%d] [-] INFO  inventory-service-c.netflix.discovery.DiscoveryClient.register - DiscoveryClient_INVENTORY-SERVICE/DESKTOP-5CC3FG7:inventory-service:9030: registering service...
07-08-2026 22:05:15.497 [main] [-] INFO  inventory-service-o.a.coyote.http11.Http11NioProtocol.log - Starting ProtocolHandler ["http-nio-9030"]
07-08-2026 22:05:15.510 [main] [-] INFO  inventory-service-o.s.boot.tomcat.TomcatWebServer.start - Tomcat started on port 9030 (http) with context path '/inventory'
07-08-2026 22:05:15.511 [main] [-] INFO  inventory-service-o.s.c.n.e.s.EurekaAutoServiceRegistration.onApplicationEvent - Updating port to 9030
07-08-2026 22:05:15.527 [main] [-] INFO  inventory-service-c.n.i.InventoryServiceApplication.logStarted - Started InventoryServiceApplication in 10.469 seconds (process running for 11.38)
07-08-2026 22:05:15.544 [DiscoveryClient-InstanceInfoReplicator-%d] [-] INFO  inventory-service-c.netflix.discovery.DiscoveryClient.register - DiscoveryClient_INVENTORY-SERVICE/DESKTOP-5CC3FG7:inventory-service:9030 - registration status: 204
07-08-2026 22:10:15.261 [AsyncResolver-bootstrap-executor-%d] [-] INFO  inventory-service-c.n.d.s.r.aws.ConfigClusterResolver.getClusterEndpoints - Resolving eureka endpoints via configuration
07-08-2026 22:15:15.276 [AsyncResolver-bootstrap-executor-%d] [-] INFO  inventory-service-c.n.d.s.r.aws.ConfigClusterResolver.getClusterEndpoints - Resolving eureka endpoints via configuration
07-08-2026 22:20:15.291 [AsyncResolver-bootstrap-executor-%d] [-] INFO  inventory-service-c.n.d.s.r.aws.ConfigClusterResolver.getClusterEndpoints - Resolving eureka endpoints via configuration
07-08-2026 22:25:15.303 [AsyncResolver-bootstrap-executor-%d] [-] INFO  inventory-service-c.n.d.s.r.aws.ConfigClusterResolver.getClusterEndpoints - Resolving eureka endpoints via configuration
07-08-2026 22:30:15.319 [AsyncResolver-bootstrap-executor-%d] [-] INFO  inventory-service-c.n.d.s.r.aws.ConfigClusterResolver.getClusterEndpoints - Resolving eureka endpoints via configuration
07-08-2026 22:35:15.331 [AsyncResolver-bootstrap-executor-%d] [-] INFO  inventory-service-c.n.d.s.r.aws.ConfigClusterResolver.getClusterEndpoints - Resolving eureka endpoints via configuration
07-08-2026 22:39:09.597 [http-nio-9030-exec-1] [-] INFO  inventory-service-o.a.c.c.C.[.[localhost].[/inventory].log - Initializing Spring DispatcherServlet 'dispatcherServlet'
07-08-2026 22:39:09.600 [http-nio-9030-exec-1] [-] INFO  inventory-service-o.s.web.servlet.DispatcherServlet.initServletBean - Initializing Servlet 'dispatcherServlet'
07-08-2026 22:39:09.739 [http-nio-9030-exec-1] [-] INFO  inventory-service-o.s.web.servlet.DispatcherServlet.initServletBean - Completed initialization in 139 ms
07-08-2026 22:40:15.336 [AsyncResolver-bootstrap-executor-%d] [-] INFO  inventory-service-c.n.d.s.r.aws.ConfigClusterResolver.getClusterEndpoints - Resolving eureka endpoints via configuration
07-08-2026 22:45:15.347 [AsyncResolver-bootstrap-executor-%d] [-] INFO  inventory-service-c.n.d.s.r.aws.ConfigClusterResolver.getClusterEndpoints - Resolving eureka endpoints via configuration
07-08-2026 22:50:15.353 [AsyncResolver-bootstrap-executor-%d] [-] INFO  inventory-service-c.n.d.s.r.aws.ConfigClusterResolver.getClusterEndpoints - Resolving eureka endpoints via configuration
07-08-2026 22:55:15.369 [AsyncResolver-bootstrap-executor-%d] [-] INFO  inventory-service-c.n.d.s.r.aws.ConfigClusterResolver.getClusterEndpoints - Resolving eureka endpoints via configuration
07-08-2026 23:00:15.381 [AsyncResolver-bootstrap-executor-%d] [-] INFO  inventory-service-c.n.d.s.r.aws.ConfigClusterResolver.getClusterEndpoints - Resolving eureka endpoints via configuration
07-08-2026 23:05:15.396 [AsyncResolver-bootstrap-executor-%d] [-] INFO  inventory-service-c.n.d.s.r.aws.ConfigClusterResolver.getClusterEndpoints - Resolving eureka endpoints via configuration
07-08-2026 23:10:15.408 [AsyncResolver-bootstrap-executor-%d] [-] INFO  inventory-service-c.n.d.s.r.aws.ConfigClusterResolver.getClusterEndpoints - Resolving eureka endpoints via configuration
07-08-2026 23:15:15.421 [AsyncResolver-bootstrap-executor-%d] [-] INFO  inventory-service-c.n.d.s.r.aws.ConfigClusterResolver.getClusterEndpoints - Resolving eureka endpoints via configuration
07-08-2026 23:20:15.429 [AsyncResolver-bootstrap-executor-%d] [-] INFO  inventory-service-c.n.d.s.r.aws.ConfigClusterResolver.getClusterEndpoints - Resolving eureka endpoints via configuration
07-08-2026 23:25:15.434 [AsyncResolver-bootstrap-executor-%d] [-] INFO  inventory-service-c.n.d.s.r.aws.ConfigClusterResolver.getClusterEndpoints - Resolving eureka endpoints via configuration
07-08-2026 23:30:15.444 [AsyncResolver-bootstrap-executor-%d] [-] INFO  inventory-service-c.n.d.s.r.aws.ConfigClusterResolver.getClusterEndpoints - Resolving eureka endpoints via configuration
07-08-2026 23:32:04.101 [HikariPool-1:housekeeper] [-] WARN  inventory-service-com.zaxxer.hikari.pool.HikariPool.run - HikariPool-1 - Thread starvation or clock leap detected (housekeeper delta=1m50s292ms320µs700ns).
